致命错误：无法访问 'https://github.com/lin7991/brothcalm.git/'：Failed to connect to github.com port 443 after 75016 ms: Couldn't connect to server
致命错误：无法访问 'https://github.com/lin7991/brothcalm.git/'：Failed to connect to github.com port 443 after 75018 ms: Couldn't connect to server
To https://github.com/lin7991/brothcalm.git
   6be7f41..728232d  main -> main

session_id: 20260823_020427_5f56e1

session_id: 20260823_020826_212ab9
致命错误：无法访问 'https://github.com/lin7991/brothcalm.git/'：Failed to connect to github.com port 443 after 75016 ms: Couldn't connect to server
Everything up-to-date

session_id: 20260823_050250_8c95db

session_id: 20260823_050512_38f3d1
Everything up-to-date

session_id: 20260824_020114_ae8019

session_id: 20260824_020707_91652e
Everything up-to-date

session_id: 20260824_050007_da25af

session_id: 20260824_050308_169993
致命错误：无法访问 'https://github.com/lin7991/brothcalm.git/'：Failed to connect to github.com port 443 after 75018 ms: Couldn't connect to server
Everything up-to-date

session_id: 20260825_020154_d78d07

session_id: 20260825_020810_6478f1
Everything up-to-date

session_id: 20260825_050007_43833f

session_id: 20260825_050305_68620c
Everything up-to-date

session_id: 20260826_020045_4e6b63

session_id: 20260826_020629_de5bd5
